[==========] Running 1 test from 1 test case.
[----------] Global test environment set-up.
[----------] 1 test from ActionListTest3
[ RUN      ] ActionListTest3.server1
[TRACE][140736183776128][0][../mt_event_proxyer.cpp][129 ][Init      ]m_fdrefs_ : 0x10f222008, m_maxfd_ : 50000
[TRACE][140736183776128][0][../mt_thread.cpp][263 ][InitialPool]max_num : 50000, size : 200
[TRACE][140736183776128][3][../include/mt_frame.h][363 ][SetActiveThread]SetActiveThread : 0x7fc291c03740
[TRACE][140736183776128][3][mt_action_unittest.cpp][162 ][TestBody  ]init ret : 0, servaddr : 0x7ffee102cda8
[TRACE][140736183776128][3][../include/mt_frame.h][165 ][SetHookFlag]set hook ...
[TRACE][140736183776128][3][../mt_sys_hook.cpp][63  ][mt_socket ] check function ...
[TRACE][140736183776128][3][../mt_sys_hook.cpp][65  ][mt_socket ]system func : socket
[TRACE][140736183776128][3][../mt_sys_hook.cpp][33  ][mt_new_fd ] check function ...
[TRACE][140736183776128][3][../mt_sys_hook.cpp][324 ][mt_fcntl  ] check function ...
[TRACE][140736183776128][3][../mt_sys_hook.cpp][331 ][mt_fcntl  ]system func : fcntl
[TRACE][140736183776128][3][../mt_sys_hook.cpp][324 ][mt_fcntl  ] check function ...
[TRACE][140736183776128][3][../mt_sys_hook.cpp][347 ][mt_fcntl  ]socket MT_FD_FLG_UNBLOCK
[TRACE][140736183776128][3][../mt_sys_hook.cpp][357 ][mt_ioctl  ] check function ...
[TRACE][140736183776128][3][../mt_sys_hook.cpp][364 ][mt_ioctl  ]system func : ioctl
[TRACE][140736183776128][3][../mt_connection.cpp][539 ][CreateSocket]m_ev_ : 0x0
[WARN][140736183776128][3][../mt_connection.cpp][548 ][CreateSocket]m_ev_ is NULL, cannot set m_osfd_ : 4
[TRACE][140736183776128][3][../mt_action.cpp][638 ][NewSock   ]sock : 4
[TRACE][140736183776128][3][../mt_sys_hook.cpp][297 ][mt_setsockopt] check function ...
[TRACE][140736183776128][3][../mt_sys_hook.cpp][299 ][mt_setsockopt]system func : setsockopt
[TRACE][140736183776128][3][mt_action_unittest.cpp][169 ][TestBody  ]ret : 0, strerr : Invalid argument
[TRACE][140736183776128][2][../include/mt_frame.h][363 ][SetActiveThread]SetActiveThread : 0x7fc291c03300
[TRACE][140736183776128][2][../mt_thread.cpp][191 ][RestoreContext]this : 0x7fc291c03300, switch_thread : 0x7fc291c03740
[TRACE][140736183776128][2][../mt_thread.cpp][197 ][RestoreContext]================= run thread =================[0x7fc291c03300]
[TRACE][140736183776128][2][../mt_ucontext.cpp][154 ][contextswitch]from : 0x7fc291c03808, to : 0x7fc291c033c8, runing : 0x0, init : 0x0
[TRACE][140736183776128][2][../mt_ucontext.cpp][158 ][contextswitch]sContextInitial : 0x7fc291c03808
[TRACE][140736183776128][2][../mt_ucontext.cpp][163 ][contextswitch]sContextRuning : 0x7fc291c033c8
[TRACE][140736183776128][2][../mt_thread.cpp][72  ][StartActiveThread]StartActiveThread : 0x7fc291c03300, t : 0x7fc291c033b0, id : 2
[TRACE][140736183776128][2][../mt_thread.cpp][206 ][Run       ]Run ......
[TRACE][140736183776128][2][../include/mt_frame.h][949 ][DaemonRun ]daemon : 0x7fc291c03300
[TRACE][140736183776128][2][../include/mt_frame.h][199 ][ThreadSchedule]run front thread, m_run_list_ size: 0
[TRACE][140736183776128][2][../include/mt_frame.h][202 ][ThreadSchedule]SetActiveThread thread : 0x7fc291c03b80
[TRACE][140736183776128][4][../include/mt_frame.h][363 ][SetActiveThread]SetActiveThread : 0x7fc291c03b80
[TRACE][140736183776128][4][../mt_thread.cpp][191 ][RestoreContext]this : 0x7fc291c03b80, switch_thread : 0x7fc291c03300
[TRACE][140736183776128][4][../mt_thread.cpp][197 ][RestoreContext]================= run thread =================[0x7fc291c03b80]
[TRACE][140736183776128][4][../mt_ucontext.cpp][154 ][contextswitch]from : 0x7fc291c033c8, to : 0x7fc291c03c48, runing : 0x7fc291c033c8, init : 0x7fc291c03808
[TRACE][140736183776128][4][../mt_ucontext.cpp][163 ][contextswitch]sContextRuning : 0x7fc291c03c48
[TRACE][140736183776128][4][../mt_thread.cpp][72  ][StartActiveThread]StartActiveThread : 0x7fc291c03b80, t : 0x7fc291c03c30, id : 4
[TRACE][140736183776128][4][../mt_thread.cpp][206 ][Run       ]Run ......
[TRACE][140736183776128][4][../mt_action.cpp][670 ][ListenFd  ]ListenFd ... begin
[TRACE][140736183776128][4][../include/mt_event_proxyer.h][234 ][GetFdRef  ]m_fdrefs_ : 0x10f222008
[TRACE][140736183776128][4][../include/mt_event_proxyer.h][100 ][SetOwnerThread]ev : 0x7fc291c38780, thread : 0x7fc291c03b80
[TRACE][140736183776128][4][../mt_action.cpp][696 ][ListenFd  ]ev : 0x7fc291c38780, GetOwnerThread : 0x7fc291c03b80
[TRACE][140736183776128][4][../mt_event_proxyer.cpp][436 ][Schedule  ] check function ...
[TRACE][140736183776128][4][../include/mt_event_proxyer.h][234 ][GetFdRef  ]m_fdrefs_ : 0x10f222008
[TRACE][140736183776128][4][../mt_event_proxyer.cpp][231 ][AddEventer]item : 0x10f222068
[TRACE][140736183776128][4][../mt_event_proxyer.cpp][65  ][AddRef    ]AddRef old_ev : 0x0
[TRACE][140736183776128][4][../include/mt_event_proxyer.h][234 ][GetFdRef  ]m_fdrefs_ : 0x10f222008
[TRACE][140736183776128][4][../mt_event_proxyer.cpp][269 ][AddFd     ]item : 0x10f222068, fd : 4, events : 1
[TRACE][140736183776128][4][../mt_event_proxyer.cpp][285 ][AddFd     ]fd : 4, new_events : 1
[TRACE][140736183776128][4][../include/mt_event_kqueue.h][82  ][ApiAddEvent]fd : 4, mask : MT_READABLE
[TRACE][140736183776128][4][../include/mt_event_proxyer.h][157 ][SetEventer]ref : 0x10f222068, ev : 0x7fc291c38780
[TRACE][140736183776128][4][../mt_event_proxyer.cpp][77  ][AddRef    ]fdref add success, fd_ref : 0x10f222068, ev : 0x7fc291c38780
[TRACE][140736183776128][4][../mt_event_proxyer.cpp][180 ][AddList   ]ev add success ev: 0x7fc291c38780, fd: 4
[TRACE][140736183776128][4][../include/mt_frame.h][267 ][InsertIoWait][insert]thread : 0x7fc291c03b80, m_io_list_ size : 0
[DEBUG][140736183776128][4][../include/mt_heap.h][137 ][HeapPush  ]index : 1
[TRACE][140736183776128][4][../include/mt_frame.h][193 ][ThreadSchedule]run DaemonThread, thread : 0x7fc291c03300, m_io_list_ size : 1, m_pend_list_ size : 0
[TRACE][140736183776128][4][../include/mt_frame.h][202 ][ThreadSchedule]SetActiveThread thread : 0x7fc291c03300
[TRACE][140736183776128][2][../include/mt_frame.h][363 ][SetActiveThread]SetActiveThread : 0x7fc291c03300
[TRACE][140736183776128][2][../mt_thread.cpp][191 ][RestoreContext]this : 0x7fc291c03300, switch_thread : 0x7fc291c03b80
[TRACE][140736183776128][2][../mt_thread.cpp][197 ][RestoreContext]================= run thread =================[0x7fc291c03300]
[TRACE][140736183776128][2][../mt_ucontext.cpp][154 ][contextswitch]from : 0x7fc291c03c48, to : 0x7fc291c033c8, runing : 0x7fc291c03c48, init : 0x7fc291c03808
[TRACE][140736183776128][2][../mt_ucontext.cpp][163 ][contextswitch]sContextRuning : 0x7fc291c033c8
[TRACE][140736183776128][2][../mt_event_proxyer.cpp][406 ][Dispatch  ]wait_time: 30000 ms
[TRACE][140736183776128][2][../include/mt_event_kqueue.h][153 ][ApiPoll   ]tvp->tv_sec : 30, tvp->tv_usec : 4294967296
[TRACE][140736183776128][2][../include/mt_event_kqueue.h][162 ][ApiPoll   ]retval : 1, tvp : 0x10f368b80, m_events_ : 0x10ef75000, m_size_ : 50000
[TRACE][140736183776128][2][../include/mt_event_kqueue.h][178 ][ApiPoll   ]m_fired_[j].fd : 4
[TRACE][140736183776128][2][../mt_event_proxyer.cpp][423 ][Dispatch  ]wait poll nfd: 1
[TRACE][140736183776128][2][../include/mt_event_proxyer.h][234 ][GetFdRef  ]m_fdrefs_ : 0x10f222008
[TRACE][140736183776128][2][../mt_event_proxyer.cpp][355 ][DisposeEventerList]osfd : 4, item : 0x10f222068
[TRACE][140736183776128][2][../mt_event_proxyer.cpp][10  ][InputNotify]InputNotify ..., thread : 0x7fc291c03b80
[TRACE][140736183776128][2][../include/mt_frame.h][213 ][RemoveIoWait][remove]thread : 0x7fc291c03b80, m_io_list_ size : 1
[TRACE][140736183776128][2][../mt_event_proxyer.cpp][383 ][DisposeEventerList]MT_READABLE osfd:4, ret:0 ev_fdnum:1
[TRACE][140736183776128][2][../mt_thread.cpp][201 ][RestoreContext]Thread Dispatch ...[0x7fc291c03b80]
[TRACE][140736183776128][2][../mt_event_proxyer.cpp][406 ][Dispatch  ]wait_time: 30000 ms
[TRACE][140736183776128][2][../include/mt_event_kqueue.h][153 ][ApiPoll   ]tvp->tv_sec : 30, tvp->tv_usec : 4294967296
[TRACE][140736183776128][2][../include/mt_event_kqueue.h][162 ][ApiPoll   ]retval : 1, tvp : 0x10f368dc0, m_events_ : 0x10ef75000, m_size_ : 50000
[TRACE][140736183776128][2][../include/mt_event_kqueue.h][178 ][ApiPoll   ]m_fired_[j].fd : 4
[TRACE][140736183776128][2][../mt_event_proxyer.cpp][423 ][Dispatch  ]wait poll nfd: 1
[TRACE][140736183776128][2][../include/mt_event_proxyer.h][234 ][GetFdRef  ]m_fdrefs_ : 0x10f222008
[TRACE][140736183776128][2][../mt_event_proxyer.cpp][355 ][DisposeEventerList]osfd : 4, item : 0x10f222068
[TRACE][140736183776128][2][../mt_event_proxyer.cpp][10  ][InputNotify]InputNotify ..., thread : 0x7fc291c03b80
[TRACE][140736183776128][2][../mt_event_proxyer.cpp][383 ][DisposeEventerList]MT_READABLE osfd:4, ret:0 ev_fdnum:1
[TRACE][140736183776128][2][../include/mt_frame.h][955 ][DaemonRun ]system ms :1530499993645
[TRACE][140736183776128][2][../include/mt_frame.h][333 ][CheckExpired]m_timer_ : 0x7fc291c02e20
[TRACE][140736183776128][2][../include/mt_heap_timer.h][100 ][CheckExpired]now_ms = 1530499993645
[TRACE][140736183776128][2][../include/mt_heap_timer.h][109 ][CheckExpired]size = 0
[TRACE][140736183776128][2][../include/mt_frame.h][199 ][ThreadSchedule]run front thread, m_run_list_ size: 0
[TRACE][140736183776128][2][../include/mt_frame.h][202 ][ThreadSchedule]SetActiveThread thread : 0x7fc291c03b80
[TRACE][140736183776128][4][../include/mt_frame.h][363 ][SetActiveThread]SetActiveThread : 0x7fc291c03b80
[TRACE][140736183776128][4][../mt_thread.cpp][191 ][RestoreContext]this : 0x7fc291c03b80, switch_thread : 0x7fc291c03300
[TRACE][140736183776128][4][../mt_thread.cpp][197 ][RestoreContext]================= run thread =================[0x7fc291c03b80]
[TRACE][140736183776128][4][../mt_ucontext.cpp][154 ][contextswitch]from : 0x7fc291c033c8, to : 0x7fc291c03c48, runing : 0x7fc291c033c8, init : 0x7fc291c03808
[TRACE][140736183776128][4][../mt_ucontext.cpp][163 ][contextswitch]sContextRuning : 0x7fc291c03c48
[TRACE][140736183776128][4][../mt_event_proxyer.cpp][406 ][Dispatch  ]wait_time: 30000 ms
[TRACE][140736183776128][4][../include/mt_event_kqueue.h][153 ][ApiPoll   ]tvp->tv_sec : 30, tvp->tv_usec : 4294967296
[TRACE][140736183776128][4][../include/mt_event_kqueue.h][162 ][ApiPoll   ]retval : 1, tvp : 0x10f3ac970, m_events_ : 0x10ef75000, m_size_ : 50000
[TRACE][140736183776128][4][../include/mt_event_kqueue.h][178 ][ApiPoll   ]m_fired_[j].fd : 4
[TRACE][140736183776128][4][../mt_event_proxyer.cpp][423 ][Dispatch  ]wait poll nfd: 1
[TRACE][140736183776128][4][../include/mt_event_proxyer.h][234 ][GetFdRef  ]m_fdrefs_ : 0x10f222008
[TRACE][140736183776128][4][../mt_event_proxyer.cpp][355 ][DisposeEventerList]osfd : 4, item : 0x10f222068
[TRACE][140736183776128][4][../mt_event_proxyer.cpp][10  ][InputNotify]InputNotify ..., thread : 0x7fc291c03b80
[TRACE][140736183776128][4][../mt_event_proxyer.cpp][383 ][DisposeEventerList]MT_READABLE osfd:4, ret:0 ev_fdnum:1
[TRACE][140736183776128][4][../mt_thread.cpp][201 ][RestoreContext]Thread Dispatch ...[0x7fc291c03300]
[TRACE][140736183776128][4][../mt_event_proxyer.cpp][463 ][Schedule  ]thread : 0x7fc291c03b80
[TRACE][140736183776128][4][../mt_event_proxyer.cpp][471 ][Schedule  ]GetRecvEvents : 1, GetEvents : 1, fd : 4
[TRACE][140736183776128][4][../include/mt_event_proxyer.h][234 ][GetFdRef  ]m_fdrefs_ : 0x10f222008
[TRACE][140736183776128][4][../mt_event_proxyer.cpp][94  ][DelRef    ]DelRef old_ev : 0x7fc291c38780
[TRACE][140736183776128][4][../include/mt_event_proxyer.h][234 ][GetFdRef  ]m_fdrefs_ : 0x10f222008
[TRACE][140736183776128][4][../include/mt_event_proxyer.h][157 ][SetEventer]ref : 0x10f222068, ev : 0x0
[TRACE][140736183776128][4][../mt_event_proxyer.cpp][106 ][DelRef    ]fdref del success, fd_ref : 0x10f222068, ev : 0x0
[TRACE][140736183776128][4][../mt_event_proxyer.cpp][486 ][Schedule  ]recv_num : 1
[TRACE][140736183776128][4][../mt_sys_hook.cpp][387 ][mt_accept ]system func : accept
[TRACE][140736183776128][4][../mt_connection.cpp][564 ][Accept    ]ev node :0x7fc291d00000
[TRACE][140736183776128][4][../mt_connection.cpp][573 ][Accept    ]IMtConnection conn : 0x7fc291d00040
[TRACE][140736183776128][4][../include/mt_event_proxyer.h][493 ][SetOsfd   ]m_ev_ : 0x7fc291d00000
[TRACE][140736183776128][4][../mt_connection.cpp][581 ][Accept    ]accept_fd : 5
[TRACE][140736183776128][4][../include/mt_event_proxyer.h][234 ][GetFdRef  ]m_fdrefs_ : 0x10f222008
[TRACE][140736183776128][4][../mt_event_proxyer.cpp][231 ][AddEventer]item : 0x10f222080
[TRACE][140736183776128][4][../mt_event_proxyer.cpp][65  ][AddRef    ]AddRef old_ev : 0x0
[TRACE][140736183776128][4][../include/mt_event_proxyer.h][234 ][GetFdRef  ]m_fdrefs_ : 0x10f222008
[TRACE][140736183776128][4][../mt_event_proxyer.cpp][269 ][AddFd     ]item : 0x10f222080, fd : 5, events : 3
[TRACE][140736183776128][4][../mt_event_proxyer.cpp][285 ][AddFd     ]fd : 5, new_events : 3
[TRACE][140736183776128][4][../include/mt_event_kqueue.h][82  ][ApiAddEvent]fd : 5, mask : MT_READABLE
[TRACE][140736183776128][4][../include/mt_event_kqueue.h][100 ][ApiAddEvent]fd : 5, mask : MT_WRITABLE
[TRACE][140736183776128][4][../include/mt_event_proxyer.h][157 ][SetEventer]ref : 0x10f222080, ev : 0x7fc291d00000
[TRACE][140736183776128][4][../mt_event_proxyer.cpp][77  ][AddRef    ]fdref add success, fd_ref : 0x10f222080, ev : 0x7fc291d00000
[TRACE][140736183776128][4][../mt_action.cpp][708 ][ListenFd  ]ListenFd ... end, accept_fd = 5
[TRACE][140736183776128][4][../include/mt_event_proxyer.h][234 ][GetFdRef  ]m_fdrefs_ : 0x10f222008
[TRACE][140736183776128][4][../include/mt_event_proxyer.h][100 ][SetOwnerThread]ev : 0x7fc291d00080, thread : 0x7fc291c03b80
[TRACE][140736183776128][4][../mt_action.cpp][696 ][ListenFd  ]ev : 0x7fc291d00080, GetOwnerThread : 0x7fc291c03b80
[TRACE][140736183776128][4][../mt_event_proxyer.cpp][436 ][Schedule  ] check function ...
[TRACE][140736183776128][4][../include/mt_event_proxyer.h][234 ][GetFdRef  ]m_fdrefs_ : 0x10f222008
[TRACE][140736183776128][4][../mt_event_proxyer.cpp][231 ][AddEventer]item : 0x10f222068
[TRACE][140736183776128][4][../mt_event_proxyer.cpp][65  ][AddRef    ]AddRef old_ev : 0x0
[TRACE][140736183776128][4][../include/mt_event_proxyer.h][234 ][GetFdRef  ]m_fdrefs_ : 0x10f222008
[TRACE][140736183776128][4][../mt_event_proxyer.cpp][269 ][AddFd     ]item : 0x10f222068, fd : 4, events : 1
[TRACE][140736183776128][4][../mt_event_proxyer.cpp][285 ][AddFd     ]fd : 4, new_events : 1
[TRACE][140736183776128][4][../include/mt_event_kqueue.h][82  ][ApiAddEvent]fd : 4, mask : MT_READABLE
[TRACE][140736183776128][4][../include/mt_event_proxyer.h][157 ][SetEventer]ref : 0x10f222068, ev : 0x7fc291d00080
[TRACE][140736183776128][4][../mt_event_proxyer.cpp][77  ][AddRef    ]fdref add success, fd_ref : 0x10f222068, ev : 0x7fc291d00080
[TRACE][140736183776128][4][../mt_event_proxyer.cpp][180 ][AddList   ]ev add success ev: 0x7fc291d00080, fd: 4
[TRACE][140736183776128][4][../include/mt_frame.h][267 ][InsertIoWait][insert]thread : 0x7fc291c03b80, m_io_list_ size : 0
[DEBUG][140736183776128][4][../include/mt_heap.h][137 ][HeapPush  ]index : 1
[TRACE][140736183776128][4][../include/mt_frame.h][193 ][ThreadSchedule]run DaemonThread, thread : 0x7fc291c03300, m_io_list_ size : 1, m_pend_list_ size : 0
[TRACE][140736183776128][4][../include/mt_frame.h][202 ][ThreadSchedule]SetActiveThread thread : 0x7fc291c03300
[TRACE][140736183776128][2][../include/mt_frame.h][363 ][SetActiveThread]SetActiveThread : 0x7fc291c03300
[TRACE][140736183776128][2][../mt_thread.cpp][191 ][RestoreContext]this : 0x7fc291c03300, switch_thread : 0x7fc291c03b80
[TRACE][140736183776128][2][../mt_thread.cpp][197 ][RestoreContext]================= run thread =================[0x7fc291c03300]
[TRACE][140736183776128][2][../mt_ucontext.cpp][154 ][contextswitch]from : 0x7fc291c03c48, to : 0x7fc291c033c8, runing : 0x7fc291c03c48, init : 0x7fc291c03808
[TRACE][140736183776128][2][../mt_ucontext.cpp][163 ][contextswitch]sContextRuning : 0x7fc291c033c8
[TRACE][140736183776128][2][../mt_event_proxyer.cpp][406 ][Dispatch  ]wait_time: 30000 ms
[TRACE][140736183776128][2][../include/mt_event_kqueue.h][153 ][ApiPoll   ]tvp->tv_sec : 30, tvp->tv_usec : 4294967296
[TRACE][140736183776128][2][../include/mt_event_kqueue.h][162 ][ApiPoll   ]retval : 1, tvp : 0x10f368b80, m_events_ : 0x10ef75000, m_size_ : 50000
[TRACE][140736183776128][2][../include/mt_event_kqueue.h][178 ][ApiPoll   ]m_fired_[j].fd : 5
[TRACE][140736183776128][2][../mt_event_proxyer.cpp][423 ][Dispatch  ]wait poll nfd: 1
[TRACE][140736183776128][2][../include/mt_event_proxyer.h][234 ][GetFdRef  ]m_fdrefs_ : 0x10f222008
[TRACE][140736183776128][2][../mt_event_proxyer.cpp][355 ][DisposeEventerList]osfd : 5, item : 0x10f222080
[TRACE][140736183776128][2][../mt_event_proxyer.cpp][27  ][OutputNotify]OutputNotify ..., thread : 0x0
[ERROR][140736183776128][2][../mt_event_proxyer.cpp][30  ][OutputNotify]Eventer fdref no m_thread_ ptr, ev : 0x7fc291d00000
[TRACE][140736183776128][2][../mt_event_proxyer.cpp][393 ][DisposeEventerList]MT_WRITABLE osfd:5, ret:-1 ev_fdnum:1
[TRACE][140736183776128][2][../mt_thread.cpp][201 ][RestoreContext]Thread Dispatch ...[0x7fc291c03b80]
[TRACE][140736183776128][2][../mt_event_proxyer.cpp][406 ][Dispatch  ]wait_time: 30000 ms
[TRACE][140736183776128][2][../include/mt_event_kqueue.h][153 ][ApiPoll   ]tvp->tv_sec : 30, tvp->tv_usec : 4294967296
[TRACE][140736183776128][2][../include/mt_event_kqueue.h][162 ][ApiPoll   ]retval : 1, tvp : 0x10f368dc0, m_events_ : 0x10ef75000, m_size_ : 50000
[TRACE][140736183776128][2][../include/mt_event_kqueue.h][178 ][ApiPoll   ]m_fired_[j].fd : 5
[TRACE][140736183776128][2][../mt_event_proxyer.cpp][423 ][Dispatch  ]wait poll nfd: 1
[TRACE][140736183776128][2][../include/mt_event_proxyer.h][234 ][GetFdRef  ]m_fdrefs_ : 0x10f222008
[TRACE][140736183776128][2][../mt_event_proxyer.cpp][355 ][DisposeEventerList]osfd : 5, item : 0x10f222080
[TRACE][140736183776128][2][../mt_event_proxyer.cpp][27  ][OutputNotify]OutputNotify ..., thread : 0x0
[ERROR][140736183776128][2][../mt_event_proxyer.cpp][30  ][OutputNotify]Eventer fdref no m_thread_ ptr, ev : 0x7fc291d00000
[TRACE][140736183776128][2][../mt_event_proxyer.cpp][393 ][DisposeEventerList]MT_WRITABLE osfd:5, ret:-1 ev_fdnum:1
[TRACE][140736183776128][2][../include/mt_frame.h][955 ][DaemonRun ]system ms :1530499993645
[TRACE][140736183776128][2][../include/mt_frame.h][213 ][RemoveIoWait][remove]thread : 0x7fc291c03b80, m_io_list_ size : 1
[TRACE][140736183776128][2][../include/mt_frame.h][352 ][WakeupTimeout]thread = 0x7fc291c03b80
[TRACE][140736183776128][2][../include/mt_frame.h][333 ][CheckExpired]m_timer_ : 0x7fc291c02e20
[TRACE][140736183776128][2][../include/mt_heap_timer.h][100 ][CheckExpired]now_ms = 1530499993645
[TRACE][140736183776128][2][../include/mt_heap_timer.h][109 ][CheckExpired]size = 0
[TRACE][140736183776128][2][../include/mt_frame.h][199 ][ThreadSchedule]run front thread, m_run_list_ size: 0
[TRACE][140736183776128][2][../include/mt_frame.h][202 ][ThreadSchedule]SetActiveThread thread : 0x7fc291c03b80
[TRACE][140736183776128][4][../include/mt_frame.h][363 ][SetActiveThread]SetActiveThread : 0x7fc291c03b80
[TRACE][140736183776128][4][../mt_thread.cpp][191 ][RestoreContext]this : 0x7fc291c03b80, switch_thread : 0x7fc291c03300
[TRACE][140736183776128][4][../mt_thread.cpp][197 ][RestoreContext]================= run thread =================[0x7fc291c03b80]
[TRACE][140736183776128][4][../mt_ucontext.cpp][154 ][contextswitch]from : 0x7fc291c033c8, to : 0x7fc291c03c48, runing : 0x7fc291c033c8, init : 0x7fc291c03808
[TRACE][140736183776128][4][../mt_ucontext.cpp][163 ][contextswitch]sContextRuning : 0x7fc291c03c48
[TRACE][140736183776128][4][../mt_event_proxyer.cpp][406 ][Dispatch  ]wait_time: 30000 ms
[TRACE][140736183776128][4][../include/mt_event_kqueue.h][153 ][ApiPoll   ]tvp->tv_sec : 30, tvp->tv_usec : 4294967296
[TRACE][140736183776128][4][../include/mt_event_kqueue.h][162 ][ApiPoll   ]retval : 1, tvp : 0x10f3ac970, m_events_ : 0x10ef75000, m_size_ : 50000
[TRACE][140736183776128][4][../include/mt_event_kqueue.h][178 ][ApiPoll   ]m_fired_[j].fd : 5
[TRACE][140736183776128][4][../mt_event_proxyer.cpp][423 ][Dispatch  ]wait poll nfd: 1
[TRACE][140736183776128][4][../include/mt_event_proxyer.h][234 ][GetFdRef  ]m_fdrefs_ : 0x10f222008
[TRACE][140736183776128][4][../mt_event_proxyer.cpp][355 ][DisposeEventerList]osfd : 5, item : 0x10f222080
[TRACE][140736183776128][4][../mt_event_proxyer.cpp][27  ][OutputNotify]OutputNotify ..., thread : 0x0
[ERROR][140736183776128][4][../mt_event_proxyer.cpp][30  ][OutputNotify]Eventer fdref no m_thread_ ptr, ev : 0x7fc291d00000
[TRACE][140736183776128][4][../mt_event_proxyer.cpp][393 ][DisposeEventerList]MT_WRITABLE osfd:5, ret:-1 ev_fdnum:1
[TRACE][140736183776128][4][../mt_thread.cpp][201 ][RestoreContext]Thread Dispatch ...[0x7fc291c03300]
[TRACE][140736183776128][4][../mt_event_proxyer.cpp][463 ][Schedule  ]thread : 0x7fc291c03b80
[TRACE][140736183776128][4][../mt_event_proxyer.cpp][471 ][Schedule  ]GetRecvEvents : 0, GetEvents : 1, fd : 4
[TRACE][140736183776128][4][../include/mt_event_proxyer.h][234 ][GetFdRef  ]m_fdrefs_ : 0x10f222008
[TRACE][140736183776128][4][../mt_event_proxyer.cpp][94  ][DelRef    ]DelRef old_ev : 0x7fc291d00080
[TRACE][140736183776128][4][../include/mt_event_proxyer.h][234 ][GetFdRef  ]m_fdrefs_ : 0x10f222008
[TRACE][140736183776128][4][../include/mt_event_proxyer.h][157 ][SetEventer]ref : 0x10f222068, ev : 0x0
[TRACE][140736183776128][4][../mt_event_proxyer.cpp][106 ][DelRef    ]fdref del success, fd_ref : 0x10f222068, ev : 0x0
[WARN][140736183776128][4][../mt_event_proxyer.cpp][481 ][Schedule  ]recv_num : 0
[TRACE][140736183776128][4][../mt_ucontext.cpp][170 ][contextexit]exit ..., runing : 0x7fc291c03c48, init : 0x7fc291c03808
[TRACE][140736183776128][4][../mt_ucontext.cpp][154 ][contextswitch]from : 0x7fc291c03c48, to : 0x7fc291c03808, runing : 0x7fc291c03c48, init : 0x7fc291c03808
[TRACE][140736183776128][4][../mt_ucontext.cpp][163 ][contextswitch]sContextRuning : 0x7fc291c03808
[TRACE][140736183776128][4][../mt_event_proxyer.cpp][406 ][Dispatch  ]wait_time: 30000 ms
[TRACE][140736183776128][4][../include/mt_event_kqueue.h][153 ][ApiPoll   ]tvp->tv_sec : 30, tvp->tv_usec : 4294967296
[TRACE][140736183776128][4][../include/mt_event_kqueue.h][162 ][ApiPoll   ]retval : 1, tvp : 0x7ffee102cbe0, m_events_ : 0x10ef75000, m_size_ : 50000
[TRACE][140736183776128][4][../include/mt_event_kqueue.h][178 ][ApiPoll   ]m_fired_[j].fd : 5
[TRACE][140736183776128][4][../mt_event_proxyer.cpp][423 ][Dispatch  ]wait poll nfd: 1
[TRACE][140736183776128][4][../include/mt_event_proxyer.h][234 ][GetFdRef  ]m_fdrefs_ : 0x10f222008
[TRACE][140736183776128][4][../mt_event_proxyer.cpp][355 ][DisposeEventerList]osfd : 5, item : 0x10f222080
[TRACE][140736183776128][4][../mt_event_proxyer.cpp][27  ][OutputNotify]OutputNotify ..., thread : 0x0
[ERROR][140736183776128][4][../mt_event_proxyer.cpp][30  ][OutputNotify]Eventer fdref no m_thread_ ptr, ev : 0x7fc291d00000
[TRACE][140736183776128][4][../mt_event_proxyer.cpp][393 ][DisposeEventerList]MT_WRITABLE osfd:5, ret:-1 ev_fdnum:1
[TRACE][140736183776128][4][../mt_thread.cpp][201 ][RestoreContext]Thread Dispatch ...[0x7fc291c03300]
[       OK ] ActionListTest3.server1 (2306 ms)
[----------] 1 test from ActionListTest3 (2306 ms total)

[----------] Global test environment tear-down
[==========] 1 test from 1 test case ran. (2306 ms total)
[  PASSED  ] 1 test.
